// Jest Snapshot v1, https://goo.gl/fbAQLP

exports[`<CategoryButton /> should match the snapshot 1`] = `"<div class=\\"MuiButtonBase-root MuiChip-root CategoryButton MuiChip-colorPrimary MuiChip-clickableColorPrimary MuiChip-clickable\\" tabindex=\\"0\\" role=\\"button\\"><span class=\\"MuiChip-label\\">Food</span></div>"`;
