// Jest Snapshot v1, https://goo.gl/fbAQLP

exports[`<TextButton /> should match the snapshot 1`] = `"<button class=\\"MuiButtonBase-root MuiButton-root MuiButton-outlined TextButton makeStyles-root-1 MuiButton-outlinedPrimary MuiButton-outlinedSizeLarge MuiButton-sizeLarge\\" tabindex=\\"0\\" type=\\"button\\"><span class=\\"MuiButton-label\\">buttonText</span></button>"`;
