// Jest Snapshot v1, https://goo.gl/fbAQLP

exports[`<MonthTabs /> should match the snapshot 1`] = `"<div class=\\"MuiBox-root MuiBox-root-3 makeStyles-root-1\\"><header class=\\"MuiPaper-root MuiAppBar-root MuiAppBar-positionStatic MuiAppBar-colorDefault MuiPaper-elevation4\\"><div class=\\"MuiTabs-root MonthTabs-Tabs\\"><div style=\\"width:99px;height:99px;position:absolute;top:-9999px;overflow:scroll\\" class=\\"MuiTabs-scrollable\\"></div><div class=\\"MuiTabs-scroller MuiTabs-scrollable\\" style=\\"overflow:hidden\\"><div class=\\"MuiTabs-flexContainer\\" role=\\"tablist\\"><button class=\\"MuiButtonBase-root MuiTab-root MuiTab-textColorPrimary Mui-selected\\" tabindex=\\"0\\" type=\\"button\\" role=\\"tab\\" aria-selected=\\"true\\" id=\\"scrollable-auto-tab-0\\"><span class=\\"MuiTab-wrapper\\">202003</span><span class=\\"PrivateTabIndicator-root-67 PrivateTabIndicator-colorPrimary-68 MuiTabs-indicator\\"></span></button><button class=\\"MuiButtonBase-root MuiTab-root MuiTab-textColorPrimary\\" tabindex=\\"0\\" type=\\"button\\" role=\\"tab\\" aria-selected=\\"false\\" id=\\"scrollable-auto-tab-1\\"><span class=\\"MuiTab-wrapper\\">Wed Apr 01 2020</span></button><button class=\\"MuiButtonBase-root MuiTab-root MuiTab-textColorPrimary\\" tabindex=\\"0\\" type=\\"button\\" role=\\"tab\\" aria-selected=\\"false\\" id=\\"scrollable-auto-tab-2\\"><span class=\\"MuiTab-wrapper\\">Fri May 01 2020</span></button><button class=\\"MuiButtonBase-root MuiTab-root MuiTab-textColorPrimary\\" tabindex=\\"0\\" type=\\"button\\" role=\\"tab\\" aria-selected=\\"false\\" id=\\"scrollable-auto-tab-3\\"><span class=\\"MuiTab-wrapper\\">Mon Jun 01 2020</span></button><button class=\\"MuiButtonBase-root MuiTab-root MuiTab-textColorPrimary\\" tabindex=\\"0\\" type=\\"button\\" role=\\"tab\\" aria-selected=\\"false\\" id=\\"scrollable-auto-tab-4\\"><span class=\\"MuiTab-wrapper\\">Wed Jul 01 2020</span></button></div></div></div></header></div>"`;
