// Jest Snapshot v1, https://goo.gl/fbAQLP

exports[`<ExpenseListSubHeader /> should match the snapshot 1`] = `"<li class=\\"MuiListSubheader-root ExpenseListSubHeader makeStyles-root-1 MuiListSubheader-sticky MuiListSubheader-gutters\\">2020/05/01</li>"`;
