// Jest Snapshot v1, https://goo.gl/fbAQLP

exports[`<DateInput /> should match the snapshot 1`] = `"<div class=\\"MuiFormControl-root MuiTextField-root DateInput-datepicker makeStyles-datePicker-1\\" format=\\"yyyy/MM/dd\\"><label class=\\"MuiFormLabel-root MuiInputLabel-root MuiInputLabel-formControl MuiInputLabel-animated MuiInputLabel-shrink MuiInputLabel-outlined MuiFormLabel-filled\\" data-shrink=\\"true\\">日付</label><div class=\\"MuiInputBase-root MuiOutlinedInput-root MuiInputBase-formControl\\"><input type=\\"text\\" aria-invalid=\\"false\\" readonly=\\"\\" value=\\"2020/05/13\\" class=\\"MuiInputBase-input MuiOutlinedInput-input\\"/><fieldset aria-hidden=\\"true\\" class=\\"PrivateNotchedOutline-root-60 MuiOutlinedInput-notchedOutline\\"><legend class=\\"PrivateNotchedOutline-legendLabelled-62 PrivateNotchedOutline-legendNotched-63\\"><span>日付</span></legend></fieldset></div></div>"`;
