// Jest Snapshot v1, https://goo.gl/fbAQLP

exports[`<AmountInput /> should match the snapshot 1`] = `"<div class=\\"MuiFormControl-root MuiTextField-root AmountInput undefined makeStyles-root-1\\" inputMode=\\"numeric\\"><label class=\\"MuiFormLabel-root MuiInputLabel-root MuiInputLabel-formControl MuiInputLabel-animated MuiInputLabel-shrink MuiInputLabel-outlined MuiFormLabel-filled\\" data-shrink=\\"true\\">Budget</label><div class=\\"MuiInputBase-root MuiOutlinedInput-root MuiInputBase-formControl\\"><input type=\\"tel\\" aria-invalid=\\"false\\" value=\\"Â¥25,000\\" maxLength=\\"12\\" class=\\"MuiInputBase-input MuiOutlinedInput-input\\"/><fieldset aria-hidden=\\"true\\" class=\\"PrivateNotchedOutline-root-2 MuiOutlinedInput-notchedOutline\\"><legend class=\\"PrivateNotchedOutline-legendLabelled-4 PrivateNotchedOutline-legendNotched-5\\"><span>Budget</span></legend></fieldset></div></div>"`;
