// Jest Snapshot v1, https://goo.gl/fbAQLP

exports[`<TextInput /> should match the snapshot 1`] = `"<div class=\\"MuiFormControl-root MuiTextField-root TextInput undefined makeStyles-root-1\\"><label class=\\"MuiFormLabel-root MuiInputLabel-root MuiInputLabel-formControl MuiInputLabel-animated MuiInputLabel-shrink MuiInputLabel-outlined MuiFormLabel-filled\\" data-shrink=\\"true\\">Budget</label><div class=\\"MuiInputBase-root MuiOutlinedInput-root MuiInputBase-formControl\\"><input type=\\"number\\" aria-invalid=\\"false\\" value=\\"25000\\" class=\\"MuiInputBase-input MuiOutlinedInput-input\\"/><fieldset aria-hidden=\\"true\\" class=\\"PrivateNotchedOutline-root-60 MuiOutlinedInput-notchedOutline\\"><legend class=\\"PrivateNotchedOutline-legendLabelled-62 PrivateNotchedOutline-legendNotched-63\\"><span>Budget</span></legend></fieldset></div></div>"`;
