// Jest Snapshot v1, https://goo.gl/fbAQLP

exports[`<Progress /> should match the snapshot 1`] = `"<div class=\\"MuiCircularProgress-root MuiCircularProgress-colorPrimary MuiCircularProgress-indeterminate\\" style=\\"width:40px;height:40px\\" role=\\"progressbar\\"><svg class=\\"MuiCircularProgress-svg\\" viewBox=\\"22 22 44 44\\"><circle class=\\"MuiCircularProgress-circle MuiCircularProgress-circleIndeterminate\\" cx=\\"44\\" cy=\\"44\\" r=\\"20.2\\" fill=\\"none\\" stroke-width=\\"3.6\\"></circle></svg></div>"`;
