// Jest Snapshot v1, https://goo.gl/fbAQLP

exports[`<DeleteButton /> should match the snapshot 1`] = `"<button class=\\"MuiButtonBase-root MuiIconButton-root DeleteButton MuiIconButton-colorPrimary Mui-disabled Mui-disabled\\" tabindex=\\"-1\\" type=\\"button\\" disabled=\\"\\"><span class=\\"MuiIconButton-label\\"><svg class=\\"MuiSvgIcon-root\\" focusable=\\"false\\" viewBox=\\"0 0 24 24\\" aria-hidden=\\"true\\"><path d=\\"M6 19c0 1.1.9 2 2 2h8c1.1 0 2-.9 2-2V7H6v12zM19 4h-3.5l-1-1h-5l-1 1H5v2h14V4z\\"></path></svg></span></button>"`;
