// Jest Snapshot v1, https://goo.gl/fbAQLP

exports[`<AddItemDrawer /> should match the snapshot 1`] = `""`;
