// Jest Snapshot v1, https://goo.gl/fbAQLP

exports[`<CategorySelector /> should match the snapshot 1`] = `"<div class=\\"MuiBox-root MuiBox-root-2 makeStyles-root-1\\"><div class=\\"MuiButtonBase-root MuiChip-root CategoryButton MuiChip-colorSecondary MuiChip-clickableColorSecondary MuiChip-clickable\\" tabindex=\\"0\\" role=\\"button\\"><span class=\\"MuiChip-label\\">Food</span></div><div class=\\"MuiButtonBase-root MuiChip-root CategoryButton MuiChip-colorPrimary MuiChip-clickableColorPrimary MuiChip-clickable\\" tabindex=\\"0\\" role=\\"button\\"><span class=\\"MuiChip-label\\">Cafe</span></div><div class=\\"MuiButtonBase-root MuiChip-root CategoryButton MuiChip-colorPrimary MuiChip-clickableColorPrimary MuiChip-clickable\\" tabindex=\\"0\\" role=\\"button\\"><span class=\\"MuiChip-label\\">雑費</span></div><div class=\\"MuiButtonBase-root MuiChip-root CategoryButton MuiChip-colorPrimary MuiChip-clickableColorPrimary MuiChip-clickable\\" tabindex=\\"0\\" role=\\"button\\"><span class=\\"MuiChip-label\\">Dating</span></div><div class=\\"MuiButtonBase-root MuiChip-root CategoryButton MuiChip-colorPrimary MuiChip-clickableColorPrimary MuiChip-clickable\\" tabindex=\\"0\\" role=\\"button\\"><span class=\\"MuiChip-label\\">Free</span></div><div class=\\"MuiButtonBase-root MuiChip-root CategoryButton MuiChip-colorPrimary MuiChip-clickableColorPrimary MuiChip-clickable\\" tabindex=\\"0\\" role=\\"button\\"><span class=\\"MuiChip-label\\">Book</span></div><div class=\\"MuiButtonBase-root MuiChip-root CategoryButton MuiChip-colorPrimary MuiChip-clickableColorPrimary MuiChip-clickable\\" tabindex=\\"0\\" role=\\"button\\"><span class=\\"MuiChip-label\\">Gym</span></div><div class=\\"MuiButtonBase-root MuiChip-root CategoryButton MuiChip-colorPrimary MuiChip-clickableColorPrimary MuiChip-clickable\\" tabindex=\\"0\\" role=\\"button\\"><span class=\\"MuiChip-label\\">Fixed</span></div><div class=\\"MuiButtonBase-root MuiChip-root CategoryButton MuiChip-colorPrimary MuiChip-clickableColorPrimary MuiChip-clickable\\" tabindex=\\"0\\" role=\\"button\\"><span class=\\"MuiChip-label\\">Sudden</span></div><div class=\\"MuiButtonBase-root MuiChip-root CategoryButton MuiChip-colorPrimary MuiChip-clickableColorPrimary MuiChip-clickable\\" tabindex=\\"0\\" role=\\"button\\"><span class=\\"MuiChip-label\\">Saving</span></div></div>"`;
