// Jest Snapshot v1, https://goo.gl/fbAQLP

exports[`<AddBudgetButton /> should match the snapshot 1`] = `"<div class=\\"MuiBox-root MuiBox-root-1\\"><button class=\\"MuiButtonBase-root MuiButton-root MuiButton-outlined TextButton makeStyles-root-2 MuiButton-outlinedPrimary MuiButton-outlinedSizeLarge MuiButton-sizeLarge\\" tabindex=\\"0\\" type=\\"button\\"><span class=\\"MuiButton-label\\">予算を追加する</span></button></div><div class=\\"MuiFormControl-root MuiTextField-root MonthInput-DatePicker makeStyles-datePicker-3\\" format=\\"yyyy/MM\\"><label class=\\"MuiFormLabel-root MuiInputLabel-root MuiInputLabel-formControl MuiInputLabel-animated MuiInputLabel-shrink MuiFormLabel-filled\\" data-shrink=\\"true\\">年月</label><div class=\\"MuiInputBase-root MuiInput-root MuiInput-underline MuiInputBase-formControl MuiInput-formControl\\"><input type=\\"text\\" aria-invalid=\\"false\\" readonly=\\"\\" value=\\"2020/06\\" class=\\"MuiInputBase-input MuiInput-input\\"/></div></div>"`;
