// Jest Snapshot v1, https://goo.gl/fbAQLP

exports[`<AddButton /> should match the snapshot 1`] = `"<button class=\\"MuiButtonBase-root MuiFab-root AddButton MuiFab-secondary\\" tabindex=\\"0\\" type=\\"button\\"><span class=\\"MuiFab-label\\"><svg class=\\"MuiSvgIcon-root\\" focusable=\\"false\\" viewBox=\\"0 0 24 24\\" aria-hidden=\\"true\\"><path d=\\"M19 13h-6v6h-2v-6H5v-2h6V5h2v6h6v2z\\"></path></svg></span></button>"`;
