// Jest Snapshot v1, https://goo.gl/fbAQLP

exports[`<Navigation /> should match the snapshot 1`] = `"<div class=\\"MuiBottomNavigation-root makeStyles-root-1\\"><button class=\\"MuiButtonBase-root MuiBottomNavigationAction-root Mui-selected makeStyles-selected-2\\" tabindex=\\"0\\" type=\\"button\\"><span class=\\"MuiBottomNavigationAction-wrapper\\"><svg class=\\"MuiSvgIcon-root\\" focusable=\\"false\\" viewBox=\\"0 0 24 24\\" aria-hidden=\\"true\\"><path d=\\"M5 9.2h3V19H5zM10.6 5h2.8v14h-2.8zm5.6 8H19v6h-2.8z\\"></path></svg><span class=\\"MuiBottomNavigationAction-label Mui-selected makeStyles-selected-2\\">Chart</span></span></button><button class=\\"MuiButtonBase-root MuiBottomNavigationAction-root\\" tabindex=\\"0\\" type=\\"button\\"><span class=\\"MuiBottomNavigationAction-wrapper\\"><svg class=\\"MuiSvgIcon-root\\" focusable=\\"false\\" viewBox=\\"0 0 24 24\\" aria-hidden=\\"true\\"><path d=\\"M3 13h2v-2H3v2zm0 4h2v-2H3v2zm0-8h2V7H3v2zm4 4h14v-2H7v2zm0 4h14v-2H7v2zM7 7v2h14V7H7z\\"></path></svg><span class=\\"MuiBottomNavigationAction-label\\">List</span></span></button><button class=\\"MuiButtonBase-root MuiBottomNavigationAction-root\\" tabindex=\\"0\\" type=\\"button\\"><span class=\\"MuiBottomNavigationAction-wrapper\\"><svg class=\\"MuiSvgIcon-root\\" focusable=\\"false\\" viewBox=\\"0 0 24 24\\" aria-hidden=\\"true\\"><path transform=\\"scale(1.2, 1.2)\\" d=\\"M15.95 10.78c.03-.25.05-.51.05-.78s-.02-.53-.06-.78l1.69-1.32c.15-.12.19-.34.1-.51l-1.6-2.77c-.1-.18-.31-.24-.49-.18l-1.99.8c-.42-.32-.86-.58-1.35-.78L12 2.34c-.03-.2-.2-.34-.4-.34H8.4c-.2 0-.36.14-.39.34l-.3 2.12c-.49.2-.94.47-1.35.78l-1.99-.8c-.18-.07-.39 0-.49.18l-1.6 2.77c-.1.18-.06.39.1.51l1.69 1.32c-.04.25-.07.52-.07.78s.02.53.06.78L2.37 12.1c-.15.12-.19.34-.1.51l1.6 2.77c.1.18.31.24.49.18l1.99-.8c.42.32.86.58 1.35.78l.3 2.12c.04.2.2.34.4.34h3.2c.2 0 .37-.14.39-.34l.3-2.12c.49-.2.94-.47 1.35-.78l1.99.8c.18.07.39 0 .49-.18l1.6-2.77c.1-.18.06-.39-.1-.51l-1.67-1.32zM10 13c-1.65 0-3-1.35-3-3s1.35-3 3-3 3 1.35 3 3-1.35 3-3 3z\\"></path></svg><span class=\\"MuiBottomNavigationAction-label\\">Budget</span></span></button><button class=\\"MuiButtonBase-root MuiBottomNavigationAction-root\\" tabindex=\\"0\\" type=\\"button\\"><span class=\\"MuiBottomNavigationAction-wrapper\\"><svg class=\\"MuiSvgIcon-root\\" focusable=\\"false\\" viewBox=\\"0 0 24 24\\" aria-hidden=\\"true\\"><path transform=\\"scale(1.2, 1.2)\\" d=\\"M15.95 10.78c.03-.25.05-.51.05-.78s-.02-.53-.06-.78l1.69-1.32c.15-.12.19-.34.1-.51l-1.6-2.77c-.1-.18-.31-.24-.49-.18l-1.99.8c-.42-.32-.86-.58-1.35-.78L12 2.34c-.03-.2-.2-.34-.4-.34H8.4c-.2 0-.36.14-.39.34l-.3 2.12c-.49.2-.94.47-1.35.78l-1.99-.8c-.18-.07-.39 0-.49.18l-1.6 2.77c-.1.18-.06.39.1.51l1.69 1.32c-.04.25-.07.52-.07.78s.02.53.06.78L2.37 12.1c-.15.12-.19.34-.1.51l1.6 2.77c.1.18.31.24.49.18l1.99-.8c.42.32.86.58 1.35.78l.3 2.12c.04.2.2.34.4.34h3.2c.2 0 .37-.14.39-.34l.3-2.12c.49-.2.94-.47 1.35-.78l1.99.8c.18.07.39 0 .49-.18l1.6-2.77c.1-.18.06-.39-.1-.51l-1.67-1.32zM10 13c-1.65 0-3-1.35-3-3s1.35-3 3-3 3 1.35 3 3-1.35 3-3 3z\\"></path></svg><span class=\\"MuiBottomNavigationAction-label\\">Category</span></span></button></div>"`;
