// Jest Snapshot v1, https://goo.gl/fbAQLP

exports[`<CloseButton /> should match the snapshot 1`] = `"<button class=\\"MuiButtonBase-root MuiIconButton-root CloseButton MuiIconButton-colorPrimary\\" tabindex=\\"0\\" type=\\"button\\"><span class=\\"MuiIconButton-label\\"><svg class=\\"MuiSvgIcon-root\\" focusable=\\"false\\" viewBox=\\"0 0 24 24\\" aria-hidden=\\"true\\"><path d=\\"M19 6.41L17.59 5 12 10.59 6.41 5 5 6.41 10.59 12 5 17.59 6.41 19 12 13.41 17.59 19 19 17.59 13.41 12z\\"></path></svg></span></button>"`;
