// Jest Snapshot v1, https://goo.gl/fbAQLP

exports[`<ExpenseChart /> should match the snapshot 1`] = `"<canvas height=\\"150\\" width=\\"100\\"></canvas>"`;
